<?xml version="1.0" encoding="ISO-8859-1" ?>
<link_info>
   <banner>TI ARM Linker PC v20.2.4.LTS</banner>
   <copyright>Copyright (c) 1996-2018 Texas Instruments Incorporated</copyright>
   <link_time>0x622455c9</link_time>
   <link_errors>0x0</link_errors>
   <output_file>FreeRTOS.out</output_file>
   <entry_point>
      <name>_c_int00_noargs</name>
      <address>0x84d5</address>
   </entry_point>
   <input_file_list>
      <input_file id="fl-2">
         <path>.\Core\Scr\</path>
         <kind>object</kind>
         <file>main.obj</file>
         <name>main.obj</name>
      </input_file>
      <input_file id="fl-3">
         <path>.\Core\Scr\</path>
         <kind>object</kind>
         <file>tm4c123gh6pm_startup_ccs.obj</file>
         <name>tm4c123gh6pm_startup_ccs.obj</name>
      </input_file>
      <input_file id="fl-4">
         <path>.\ThirdParty\FreeRTOS\</path>
         <kind>object</kind>
         <file>croutine.obj</file>
         <name>croutine.obj</name>
      </input_file>
      <input_file id="fl-5">
         <path>.\ThirdParty\FreeRTOS\</path>
         <kind>object</kind>
         <file>event_groups.obj</file>
         <name>event_groups.obj</name>
      </input_file>
      <input_file id="fl-6">
         <path>.\ThirdParty\FreeRTOS\</path>
         <kind>object</kind>
         <file>list.obj</file>
         <name>list.obj</name>
      </input_file>
      <input_file id="fl-7">
         <path>.\ThirdParty\FreeRTOS\</path>
         <kind>object</kind>
         <file>queue.obj</file>
         <name>queue.obj</name>
      </input_file>
      <input_file id="fl-8">
         <path>.\ThirdParty\FreeRTOS\</path>
         <kind>object</kind>
         <file>stream_buffer.obj</file>
         <name>stream_buffer.obj</name>
      </input_file>
      <input_file id="fl-9">
         <path>.\ThirdParty\FreeRTOS\</path>
         <kind>object</kind>
         <file>tasks.obj</file>
         <name>tasks.obj</name>
      </input_file>
      <input_file id="fl-a">
         <path>.\ThirdParty\FreeRTOS\</path>
         <kind>object</kind>
         <file>timers.obj</file>
         <name>timers.obj</name>
      </input_file>
      <input_file id="fl-b">
         <path>.\ThirdParty\FreeRTOS\portable\CCS\ARM_CM4F\</path>
         <kind>object</kind>
         <file>port.obj</file>
         <name>port.obj</name>
      </input_file>
      <input_file id="fl-c">
         <path>.\ThirdParty\FreeRTOS\portable\CCS\ARM_CM4F\</path>
         <kind>object</kind>
         <file>portasm.obj</file>
         <name>portasm.obj</name>
      </input_file>
      <input_file id="fl-d">
         <path>.\ThirdParty\FreeRTOS\portable\MemMang\</path>
         <kind>object</kind>
         <file>heap_4.obj</file>
         <name>heap_4.obj</name>
      </input_file>
      <input_file id="fl-e">
         <path>.\ThirdParty\SEGGER\Config\</path>
         <kind>object</kind>
         <file>SEGGER_SYSVIEW_Config_FreeRTOS.obj</file>
         <name>SEGGER_SYSVIEW_Config_FreeRTOS.obj</name>
      </input_file>
      <input_file id="fl-f">
         <path>.\ThirdParty\SEGGER\OS\</path>
         <kind>object</kind>
         <file>SEGGER_SYSVIEW_FreeRTOS.obj</file>
         <name>SEGGER_SYSVIEW_FreeRTOS.obj</name>
      </input_file>
      <input_file id="fl-10">
         <path>.\ThirdParty\SEGGER\SEGGER\</path>
         <kind>object</kind>
         <file>SEGGER_RTT.obj</file>
         <name>SEGGER_RTT.obj</name>
      </input_file>
      <input_file id="fl-11">
         <path>.\ThirdParty\SEGGER\SEGGER\</path>
         <kind>object</kind>
         <file>SEGGER_RTT_printf.obj</file>
         <name>SEGGER_RTT_printf.obj</name>
      </input_file>
      <input_file id="fl-12">
         <path>.\ThirdParty\SEGGER\SEGGER\</path>
         <kind>object</kind>
         <file>SEGGER_SYSVIEW.obj</file>
         <name>SEGGER_SYSVIEW.obj</name>
      </input_file>
      <input_file id="fl-16">
         <kind>object</kind>
         <file>&lt;internal&gt;</file>
         <name>&lt;internal&gt;</name>
      </input_file>
      <input_file id="fl-cc">
         <path>D:\archivos de programa\ti\ccs1031\ccs\tools\compiler\ti-cgt-arm_20.2.4.LTS\lib\</path>
         <kind>archive</kind>
         <file>rtsv7M4_T_le_v4SPD16_eabi.lib</file>
         <name>memset_t2.asm.obj</name>
      </input_file>
      <input_file id="fl-cd">
         <path>D:\archivos de programa\ti\ccs1031\ccs\tools\compiler\ti-cgt-arm_20.2.4.LTS\lib\</path>
         <kind>archive</kind>
         <file>rtsv7M4_T_le_v4SPD16_eabi.lib</file>
         <name>ll_mul_t2.asm.obj</name>
      </input_file>
      <input_file id="fl-ce">
         <path>D:\archivos de programa\ti\ccs1031\ccs\tools\compiler\ti-cgt-arm_20.2.4.LTS\lib\</path>
         <kind>archive</kind>
         <file>rtsv7M4_T_le_v4SPD16_eabi.lib</file>
         <name>memcpy_t2.asm.obj</name>
      </input_file>
      <input_file id="fl-cf">
         <path>D:\archivos de programa\ti\ccs1031\ccs\tools\compiler\ti-cgt-arm_20.2.4.LTS\lib\</path>
         <kind>archive</kind>
         <file>rtsv7M4_T_le_v4SPD16_eabi.lib</file>
         <name>copy_zero_init.c.obj</name>
      </input_file>
      <input_file id="fl-d0">
         <path>D:\archivos de programa\ti\ccs1031\ccs\tools\compiler\ti-cgt-arm_20.2.4.LTS\lib\</path>
         <kind>archive</kind>
         <file>rtsv7M4_T_le_v4SPD16_eabi.lib</file>
         <name>copy_decompress_none.c.obj</name>
      </input_file>
      <input_file id="fl-d1">
         <path>D:\archivos de programa\ti\ccs1031\ccs\tools\compiler\ti-cgt-arm_20.2.4.LTS\lib\</path>
         <kind>archive</kind>
         <file>rtsv7M4_T_le_v4SPD16_eabi.lib</file>
         <name>copy_decompress_lzss.c.obj</name>
      </input_file>
      <input_file id="fl-d2">
         <path>D:\archivos de programa\ti\ccs1031\ccs\tools\compiler\ti-cgt-arm_20.2.4.LTS\lib\</path>
         <kind>archive</kind>
         <file>rtsv7M4_T_le_v4SPD16_eabi.lib</file>
         <name>memcmp.c.obj</name>
      </input_file>
      <input_file id="fl-d3">
         <path>D:\archivos de programa\ti\ccs1031\ccs\tools\compiler\ti-cgt-arm_20.2.4.LTS\lib\</path>
         <kind>archive</kind>
         <file>rtsv7M4_T_le_v4SPD16_eabi.lib</file>
         <name>strcpy.c.obj</name>
      </input_file>
      <input_file id="fl-d4">
         <path>D:\archivos de programa\ti\ccs1031\ccs\tools\compiler\ti-cgt-arm_20.2.4.LTS\lib\</path>
         <kind>archive</kind>
         <file>rtsv7M4_T_le_v4SPD16_eabi.lib</file>
         <name>strlen.c.obj</name>
      </input_file>
      <input_file id="fl-d5">
         <path>D:\archivos de programa\ti\ccs1031\ccs\tools\compiler\ti-cgt-arm_20.2.4.LTS\lib\</path>
         <kind>archive</kind>
         <file>rtsv7M4_T_le_v4SPD16_eabi.lib</file>
         <name>boot_cortex_m.c.obj</name>
      </input_file>
      <input_file id="fl-d6">
         <path>D:\archivos de programa\ti\ccs1031\ccs\tools\compiler\ti-cgt-arm_20.2.4.LTS\lib\</path>
         <kind>archive</kind>
         <file>rtsv7M4_T_le_v4SPD16_eabi.lib</file>
         <name>autoinit.c.obj</name>
      </input_file>
      <input_file id="fl-d7">
         <path>D:\archivos de programa\ti\ccs1031\ccs\tools\compiler\ti-cgt-arm_20.2.4.LTS\lib\</path>
         <kind>archive</kind>
         <file>rtsv7M4_T_le_v4SPD16_eabi.lib</file>
         <name>pre_init.c.obj</name>
      </input_file>
      <input_file id="fl-d8">
         <path>D:\archivos de programa\ti\ccs1031\ccs\tools\compiler\ti-cgt-arm_20.2.4.LTS\lib\</path>
         <kind>archive</kind>
         <file>rtsv7M4_T_le_v4SPD16_eabi.lib</file>
         <name>cpy_tbl.c.obj</name>
      </input_file>
      <input_file id="fl-d9">
         <path>D:\archivos de programa\ti\ccs1031\ccs\tools\compiler\ti-cgt-arm_20.2.4.LTS\lib\</path>
         <kind>archive</kind>
         <file>rtsv7M4_T_le_v4SPD16_eabi.lib</file>
         <name>exit.c.obj</name>
      </input_file>
      <input_file id="fl-da">
         <path>D:\archivos de programa\ti\ccs1031\ccs\tools\compiler\ti-cgt-arm_20.2.4.LTS\lib\</path>
         <kind>archive</kind>
         <file>rtsv7M4_T_le_v4SPD16_eabi.lib</file>
         <name>_lock.c.obj</name>
      </input_file>
      <input_file id="fl-db">
         <path>D:\archivos de programa\ti\ccs1031\ccs\tools\compiler\ti-cgt-arm_20.2.4.LTS\lib\</path>
         <kind>archive</kind>
         <file>rtsv7M4_T_le_v4SPD16_eabi.lib</file>
         <name>args_main.c.obj</name>
      </input_file>
   </input_file_list>
   <object_component_list>
      <object_component id="oc-12">
         <name>.intvecs</name>
         <load_address>0x0</load_address>
         <run_address>0x0</run_address>
         <size>0x26c</size>
         <input_file_ref idref="fl-3"/>
      </object_component>
      <object_component id="oc-86">
         <name>.text</name>
         <load_address>0x26c</load_address>
         <run_address>0x26c</run_address>
         <size>0x2fc0</size>
         <input_file_ref idref="fl-12"/>
      </object_component>
      <object_component id="oc-7f">
         <name>.text</name>
         <load_address>0x322c</load_address>
         <run_address>0x322c</run_address>
         <size>0x1e90</size>
         <input_file_ref idref="fl-9"/>
      </object_component>
      <object_component id="oc-173">
         <name>.text</name>
         <load_address>0x50bc</load_address>
         <run_address>0x50bc</run_address>
         <size>0x1238</size>
         <input_file_ref idref="fl-7"/>
      </object_component>
      <object_component id="oc-10c">
         <name>.text</name>
         <load_address>0x62f4</load_address>
         <run_address>0x62f4</run_address>
         <size>0x10ac</size>
         <input_file_ref idref="fl-10"/>
      </object_component>
      <object_component id="oc-e4">
         <name>.text</name>
         <load_address>0x73a0</load_address>
         <run_address>0x73a0</run_address>
         <size>0x428</size>
         <input_file_ref idref="fl-d"/>
      </object_component>
      <object_component id="oc-f0">
         <name>.text</name>
         <load_address>0x77c8</load_address>
         <run_address>0x77c8</run_address>
         <size>0x3d0</size>
         <input_file_ref idref="fl-f"/>
      </object_component>
      <object_component id="oc-32">
         <name>.text</name>
         <load_address>0x7b98</load_address>
         <run_address>0x7b98</run_address>
         <size>0x2c0</size>
         <input_file_ref idref="fl-b"/>
      </object_component>
      <object_component id="oc-c8">
         <name>.text</name>
         <load_address>0x7e58</load_address>
         <run_address>0x7e58</run_address>
         <size>0x24c</size>
         <input_file_ref idref="fl-2"/>
      </object_component>
      <object_component id="oc-ea">
         <name>.text</name>
         <load_address>0x80a4</load_address>
         <run_address>0x80a4</run_address>
         <size>0x12a</size>
         <input_file_ref idref="fl-6"/>
      </object_component>
      <object_component id="oc-2d">
         <name>.text</name>
         <load_address>0x81d0</load_address>
         <run_address>0x81d0</run_address>
         <size>0xda</size>
         <input_file_ref idref="fl-c"/>
      </object_component>
      <object_component id="oc-46">
         <name>.text</name>
         <load_address>0x82aa</load_address>
         <run_address>0x82aa</run_address>
         <size>0x9c</size>
         <input_file_ref idref="fl-ce"/>
      </object_component>
      <object_component id="oc-bc">
         <name>.text</name>
         <load_address>0x8346</load_address>
         <run_address>0x8346</run_address>
         <size>0x7a</size>
         <input_file_ref idref="fl-cc"/>
      </object_component>
      <object_component id="oc-16d">
         <name>.text</name>
         <load_address>0x83c0</load_address>
         <run_address>0x83c0</run_address>
         <size>0x68</size>
         <input_file_ref idref="fl-e"/>
      </object_component>
      <object_component id="oc-15">
         <name>.text:decompress:lzss:__TI_decompress_lzss</name>
         <load_address>0x8428</load_address>
         <run_address>0x8428</run_address>
         <size>0x68</size>
         <input_file_ref idref="fl-d1"/>
      </object_component>
      <object_component id="oc-18c">
         <name>.text:__TI_auto_init_nobinit_nopinit:__TI_auto_init_nobinit_nopinit</name>
         <load_address>0x8490</load_address>
         <run_address>0x8490</run_address>
         <size>0x44</size>
         <input_file_ref idref="fl-d6"/>
      </object_component>
      <object_component id="oc-64">
         <name>.text:_c_int00_noargs:_c_int00_noargs</name>
         <load_address>0x84d4</load_address>
         <run_address>0x84d4</run_address>
         <size>0x34</size>
         <input_file_ref idref="fl-d5"/>
      </object_component>
      <object_component id="oc-1e6">
         <name>.text:memcmp</name>
         <load_address>0x8508</load_address>
         <run_address>0x8508</run_address>
         <size>0x24</size>
         <input_file_ref idref="fl-d2"/>
      </object_component>
      <object_component id="oc-1e1">
         <name>.text</name>
         <load_address>0x852c</load_address>
         <run_address>0x852c</run_address>
         <size>0x18</size>
         <input_file_ref idref="fl-cd"/>
      </object_component>
      <object_component id="oc-202">
         <name>.text:strcpy</name>
         <load_address>0x8544</load_address>
         <run_address>0x8544</run_address>
         <size>0x14</size>
         <input_file_ref idref="fl-d3"/>
      </object_component>
      <object_component id="oc-211">
         <name>.text:strlen</name>
         <load_address>0x8558</load_address>
         <run_address>0x8558</run_address>
         <size>0x14</size>
         <input_file_ref idref="fl-d4"/>
      </object_component>
      <object_component id="oc-1b">
         <name>.text:decompress:none:__TI_decompress_none</name>
         <load_address>0x856c</load_address>
         <run_address>0x856c</run_address>
         <size>0xe</size>
         <input_file_ref idref="fl-d0"/>
      </object_component>
      <object_component id="oc-58">
         <name>.text:decompress:ZI:__TI_zero_init</name>
         <load_address>0x857a</load_address>
         <run_address>0x857a</run_address>
         <size>0xc</size>
         <input_file_ref idref="fl-cf"/>
      </object_component>
      <object_component id="oc-27">
         <name>.text</name>
         <load_address>0x8586</load_address>
         <run_address>0x8586</run_address>
         <size>0xc</size>
         <input_file_ref idref="fl-3"/>
      </object_component>
      <object_component id="oc-c2">
         <name>.text:_system_pre_init</name>
         <load_address>0x8592</load_address>
         <run_address>0x8592</run_address>
         <size>0x4</size>
         <input_file_ref idref="fl-d7"/>
      </object_component>
      <object_component id="oc-180">
         <name>.text:abort:abort</name>
         <load_address>0x8596</load_address>
         <run_address>0x8596</run_address>
         <size>0x4</size>
         <input_file_ref idref="fl-d9"/>
      </object_component>
      <object_component id="oc-11b">
         <name>.const:.string:_aV2C$1</name>
         <load_address>0x859c</load_address>
         <run_address>0x859c</run_address>
         <size>0x10</size>
         <input_file_ref idref="fl-12"/>
      </object_component>
      <object_component id="oc-122">
         <name>.const:.string:_abSync</name>
         <load_address>0x85ac</load_address>
         <run_address>0x85ac</run_address>
         <size>0xa</size>
         <input_file_ref idref="fl-12"/>
      </object_component>
      <object_component id="oc-237">
         <name>.const:SYSVIEW_X_OS_TraceAPI</name>
         <load_address>0x85b8</load_address>
         <run_address>0x85b8</run_address>
         <size>0x8</size>
         <input_file_ref idref="fl-f"/>
      </object_component>
      <object_component id="oc-7c">
         <name>.const</name>
         <load_address>0x85c0</load_address>
         <run_address>0x85c0</run_address>
         <size>0x8</size>
         <input_file_ref idref="fl-b"/>
      </object_component>
      <object_component id="oc-310">
         <name>.cinit..data.load</name>
         <load_address>0x85c8</load_address>
         <run_address>0x85c8</run_address>
         <size>0x24</size>
      </object_component>
      <object_component id="oc-30e">
         <name>__TI_handler_table</name>
         <load_address>0x85ec</load_address>
         <run_address>0x85ec</run_address>
         <size>0xc</size>
      </object_component>
      <object_component id="oc-311">
         <name>.cinit..bss.load</name>
         <load_address>0x85f8</load_address>
         <run_address>0x85f8</run_address>
         <size>0x8</size>
      </object_component>
      <object_component id="oc-30f">
         <name>__TI_cinit_table</name>
         <load_address>0x8600</load_address>
         <run_address>0x8600</run_address>
         <size>0x10</size>
      </object_component>
      <object_component id="oc-179">
         <name>.data</name>
         <load_address>0x20004a08</load_address>
         <run_address>0x20004a08</run_address>
         <size>0x4</size>
         <input_file_ref idref="fl-2"/>
      </object_component>
      <object_component id="oc-79">
         <name>.data</name>
         <load_address>0x200049a0</load_address>
         <run_address>0x200049a0</run_address>
         <size>0x34</size>
         <input_file_ref idref="fl-9"/>
      </object_component>
      <object_component id="oc-8c">
         <name>.data</name>
         <load_address>0x200049fc</load_address>
         <run_address>0x200049fc</run_address>
         <size>0xc</size>
         <input_file_ref idref="fl-b"/>
      </object_component>
      <object_component id="oc-1d4">
         <name>.data</name>
         <load_address>0x200049d4</load_address>
         <run_address>0x200049d4</run_address>
         <size>0x18</size>
         <input_file_ref idref="fl-d"/>
      </object_component>
      <object_component id="oc-20e">
         <name>.data:_aTerminalId</name>
         <load_address>0x200049ec</load_address>
         <run_address>0x200049ec</run_address>
         <size>0x10</size>
         <input_file_ref idref="fl-10"/>
      </object_component>
      <object_component id="oc-f6">
         <name>.bss:pxReadyTasksLists</name>
         <uninitialized>true</uninitialized>
         <run_address>0x2000462c</run_address>
         <size>0x64</size>
         <input_file_ref idref="fl-9"/>
      </object_component>
      <object_component id="oc-105">
         <name>.bss:xDelayedTaskList1</name>
         <uninitialized>true</uninitialized>
         <run_address>0x200046f8</run_address>
         <size>0x14</size>
         <input_file_ref idref="fl-9"/>
      </object_component>
      <object_component id="oc-108">
         <name>.bss:xDelayedTaskList2</name>
         <uninitialized>true</uninitialized>
         <run_address>0x2000470c</run_address>
         <size>0x14</size>
         <input_file_ref idref="fl-9"/>
      </object_component>
      <object_component id="oc-fc">
         <name>.bss</name>
         <uninitialized>true</uninitialized>
         <run_address>0x20004774</run_address>
         <size>0x8</size>
         <input_file_ref idref="fl-9"/>
      </object_component>
      <object_component id="oc-102">
         <name>.bss:xPendingReadyList</name>
         <uninitialized>true</uninitialized>
         <run_address>0x20004720</run_address>
         <size>0x14</size>
         <input_file_ref idref="fl-9"/>
      </object_component>
      <object_component id="oc-f9">
         <name>.bss:xTasksWaitingTermination</name>
         <uninitialized>true</uninitialized>
         <run_address>0x20004748</run_address>
         <size>0x14</size>
         <input_file_ref idref="fl-9"/>
      </object_component>
      <object_component id="oc-ff">
         <name>.bss:xSuspendedTaskList</name>
         <uninitialized>true</uninitialized>
         <run_address>0x20004734</run_address>
         <size>0x14</size>
         <input_file_ref idref="fl-9"/>
      </object_component>
      <object_component id="oc-1da">
         <name>.bss:ucHeap</name>
         <uninitialized>true</uninitialized>
         <run_address>0x20000000</run_address>
         <size>0x3c00</size>
         <input_file_ref idref="fl-d"/>
      </object_component>
      <object_component id="oc-1d7">
         <name>.bss:xStart</name>
         <uninitialized>true</uninitialized>
         <run_address>0x2000477c</run_address>
         <size>0x8</size>
         <input_file_ref idref="fl-d"/>
      </object_component>
      <object_component id="oc-1ec">
         <name>.bss:_aTasks</name>
         <uninitialized>true</uninitialized>
         <run_address>0x2000458c</run_address>
         <size>0xa0</size>
         <input_file_ref idref="fl-f"/>
      </object_component>
      <object_component id="oc-1ef">
         <name>.bss</name>
         <uninitialized>true</uninitialized>
         <run_address>0x2000478c</run_address>
         <size>0x4</size>
         <input_file_ref idref="fl-f"/>
      </object_component>
      <object_component id="oc-208">
         <name>.bss:_acUpBuffer</name>
         <uninitialized>true</uninitialized>
         <run_address>0x20004000</run_address>
         <size>0x400</size>
         <input_file_ref idref="fl-10"/>
      </object_component>
      <object_component id="oc-20b">
         <name>.bss:_acDownBuffer</name>
         <uninitialized>true</uninitialized>
         <run_address>0x2000475c</run_address>
         <size>0x10</size>
         <input_file_ref idref="fl-10"/>
      </object_component>
      <object_component id="oc-217">
         <name>.bss</name>
         <uninitialized>true</uninitialized>
         <run_address>0x20004789</run_address>
         <size>0x1</size>
         <input_file_ref idref="fl-10"/>
      </object_component>
      <object_component id="oc-11c">
         <name>.bss:_UpBuffer</name>
         <uninitialized>true</uninitialized>
         <run_address>0x20003c00</run_address>
         <size>0x400</size>
         <input_file_ref idref="fl-12"/>
      </object_component>
      <object_component id="oc-11f">
         <name>.bss:_DownBuffer</name>
         <uninitialized>true</uninitialized>
         <run_address>0x2000476c</run_address>
         <size>0x8</size>
         <input_file_ref idref="fl-12"/>
      </object_component>
      <object_component id="oc-112">
         <name>.bss:_SYSVIEW_Globals</name>
         <uninitialized>true</uninitialized>
         <run_address>0x200046d0</run_address>
         <size>0x28</size>
         <input_file_ref idref="fl-12"/>
      </object_component>
      <object_component id="oc-125">
         <name>.bss</name>
         <uninitialized>true</uninitialized>
         <run_address>0x20004784</run_address>
         <size>0x5</size>
         <input_file_ref idref="fl-12"/>
      </object_component>
      <object_component id="oc-118">
         <name>.bss:_aPacket</name>
         <uninitialized>true</uninitialized>
         <run_address>0x20004400</run_address>
         <size>0xe4</size>
         <input_file_ref idref="fl-12"/>
      </object_component>
      <object_component id="oc-17c">
         <name>.common:task1Handle</name>
         <uninitialized>true</uninitialized>
         <run_address>0x20004790</run_address>
         <size>0x4</size>
      </object_component>
      <object_component id="oc-17d">
         <name>.common:task2Handle</name>
         <uninitialized>true</uninitialized>
         <run_address>0x20004794</run_address>
         <size>0x4</size>
      </object_component>
      <object_component id="oc-17e">
         <name>.common:task3Handle</name>
         <uninitialized>true</uninitialized>
         <run_address>0x20004798</run_address>
         <size>0x4</size>
      </object_component>
      <object_component id="oc-23b">
         <name>.common:xQueueRegistry</name>
         <uninitialized>true</uninitialized>
         <run_address>0x20004690</run_address>
         <size>0x40</size>
      </object_component>
      <object_component id="oc-115">
         <name>.common:_SEGGER_RTT</name>
         <uninitialized>true</uninitialized>
         <run_address>0x200044e4</run_address>
         <size>0xa8</size>
      </object_component>
      <object_component id="oc-24">
         <name>.stack</name>
         <uninitialized>true</uninitialized>
         <run_address>0x200047a0</run_address>
         <size>0x4</size>
         <input_file_ref idref="fl-d5"/>
      </object_component>
      <object_component id="oc-313">
         <name>.stack</name>
         <uninitialized>true</uninitialized>
         <run_address>0x200047a0</run_address>
         <size>0x0</size>
      </object_component>
      <object_component id="oc-156">
         <name>.debug_info</name>
         <load_address>0x0</load_address>
         <run_address>0x0</run_address>
         <size>0x78c</size>
         <input_file_ref idref="fl-2"/>
      </object_component>
      <object_component id="oc-17a">
         <name>.debug_info</name>
         <load_address>0x78c</load_address>
         <run_address>0x78c</run_address>
         <size>0xda</size>
         <input_file_ref idref="fl-2"/>
      </object_component>
      <object_component id="oc-c9">
         <name>.debug_info</name>
         <load_address>0x866</load_address>
         <run_address>0x866</run_address>
         <size>0x45d</size>
         <input_file_ref idref="fl-2"/>
      </object_component>
      <object_component id="oc-147">
         <name>.debug_info</name>
         <load_address>0xcc3</load_address>
         <run_address>0xcc3</run_address>
         <size>0x315</size>
         <input_file_ref idref="fl-2"/>
      </object_component>
      <object_component id="oc-a2">
         <name>.debug_info</name>
         <load_address>0xfd8</load_address>
         <run_address>0xfd8</run_address>
         <size>0x26b</size>
         <input_file_ref idref="fl-2"/>
      </object_component>
      <object_component id="oc-138">
         <name>.debug_info</name>
         <load_address>0x1243</load_address>
         <run_address>0x1243</run_address>
         <size>0x226</size>
         <input_file_ref idref="fl-2"/>
      </object_component>
      <object_component id="oc-13d">
         <name>.debug_info</name>
         <load_address>0x1469</load_address>
         <run_address>0x1469</run_address>
         <size>0x165</size>
         <input_file_ref idref="fl-2"/>
      </object_component>
      <object_component id="oc-151">
         <name>.debug_info</name>
         <load_address>0x15ce</load_address>
         <run_address>0x15ce</run_address>
         <size>0x461</size>
         <input_file_ref idref="fl-2"/>
      </object_component>
      <object_component id="oc-232">
         <name>.debug_info</name>
         <load_address>0x1a2f</load_address>
         <run_address>0x1a2f</run_address>
         <size>0x4f</size>
         <input_file_ref idref="fl-2"/>
      </object_component>
      <object_component id="oc-246">
         <name>.debug_info</name>
         <load_address>0x1a7e</load_address>
         <run_address>0x1a7e</run_address>
         <size>0x2c</size>
         <input_file_ref idref="fl-2"/>
      </object_component>
      <object_component id="oc-41">
         <name>.debug_info</name>
         <load_address>0x1aaa</load_address>
         <run_address>0x1aaa</run_address>
         <size>0x84</size>
         <input_file_ref idref="fl-2"/>
      </object_component>
      <object_component id="oc-91">
         <name>.debug_info</name>
         <load_address>0x1b2e</load_address>
         <run_address>0x1b2e</run_address>
         <size>0x2c</size>
         <input_file_ref idref="fl-2"/>
      </object_component>
      <object_component id="oc-158">
         <name>.debug_info</name>
         <load_address>0x1b5a</load_address>
         <run_address>0x1b5a</run_address>
         <size>0x2a4</size>
         <input_file_ref idref="fl-2"/>
      </object_component>
      <object_component id="oc-9b">
         <name>.debug_info</name>
         <load_address>0x1dfe</load_address>
         <run_address>0x1dfe</run_address>
         <size>0xbb</size>
         <input_file_ref idref="fl-2"/>
      </object_component>
      <object_component id="oc-142">
         <name>.debug_info</name>
         <load_address>0x1eb9</load_address>
         <run_address>0x1eb9</run_address>
         <size>0x53</size>
         <input_file_ref idref="fl-2"/>
      </object_component>
      <object_component id="oc-96">
         <name>.debug_info</name>
         <load_address>0x1f0c</load_address>
         <run_address>0x1f0c</run_address>
         <size>0x53</size>
         <input_file_ref idref="fl-2"/>
      </object_component>
      <object_component id="oc-12f">
         <name>.debug_info</name>
         <load_address>0x1f5f</load_address>
         <run_address>0x1f5f</run_address>
         <size>0x2c</size>
         <input_file_ref idref="fl-2"/>
      </object_component>
      <object_component id="oc-14c">
         <name>.debug_info</name>
         <load_address>0x1f8b</load_address>
         <run_address>0x1f8b</run_address>
         <size>0x14c</size>
         <input_file_ref idref="fl-2"/>
      </object_component>
      <object_component id="oc-3a">
         <name>.debug_info</name>
         <load_address>0x20d7</load_address>
         <run_address>0x20d7</run_address>
         <size>0x335</size>
         <input_file_ref idref="fl-3"/>
      </object_component>
      <object_component id="oc-13">
         <name>.debug_info</name>
         <load_address>0x240c</load_address>
         <run_address>0x240c</run_address>
         <size>0xf4</size>
         <input_file_ref idref="fl-3"/>
      </object_component>
      <object_component id="oc-29">
         <name>.debug_info</name>
         <load_address>0x2500</load_address>
         <run_address>0x2500</run_address>
         <size>0x2b8</size>
         <input_file_ref idref="fl-3"/>
      </object_component>
      <object_component id="oc-26b">
         <name>.debug_info</name>
         <load_address>0x27b8</load_address>
         <run_address>0x27b8</run_address>
         <size>0x77a</size>
         <input_file_ref idref="fl-5"/>
      </object_component>
      <object_component id="oc-1c5">
         <name>.debug_info</name>
         <load_address>0x2f32</load_address>
         <run_address>0x2f32</run_address>
         <size>0x110</size>
         <input_file_ref idref="fl-5"/>
      </object_component>
      <object_component id="oc-1cf">
         <name>.debug_info</name>
         <load_address>0x3042</load_address>
         <run_address>0x3042</run_address>
         <size>0x461</size>
         <input_file_ref idref="fl-5"/>
      </object_component>
      <object_component id="oc-2c6">
         <name>.debug_info</name>
         <load_address>0x34a3</load_address>
         <run_address>0x34a3</run_address>
         <size>0x76</size>
         <input_file_ref idref="fl-5"/>
      </object_component>
      <object_component id="oc-2cb">
         <name>.debug_info</name>
         <load_address>0x3519</load_address>
         <run_address>0x3519</run_address>
         <size>0x39</size>
         <input_file_ref idref="fl-5"/>
      </object_component>
      <object_component id="oc-279">
         <name>.debug_info</name>
         <load_address>0x3552</load_address>
         <run_address>0x3552</run_address>
         <size>0x109</size>
         <input_file_ref idref="fl-5"/>
      </object_component>
      <object_component id="oc-1c0">
         <name>.debug_info</name>
         <load_address>0x365b</load_address>
         <run_address>0x365b</run_address>
         <size>0x4f</size>
         <input_file_ref idref="fl-5"/>
      </object_component>
      <object_component id="oc-1e0">
         <name>.debug_info</name>
         <load_address>0x36aa</load_address>
         <run_address>0x36aa</run_address>
         <size>0x4b7</size>
         <input_file_ref idref="fl-6"/>
      </object_component>
      <object_component id="oc-eb">
         <name>.debug_info</name>
         <load_address>0x3b61</load_address>
         <run_address>0x3b61</run_address>
         <size>0x520</size>
         <input_file_ref idref="fl-6"/>
      </object_component>
      <object_component id="oc-23c">
         <name>.debug_info</name>
         <load_address>0x4081</load_address>
         <run_address>0x4081</run_address>
         <size>0xb49</size>
         <input_file_ref idref="fl-7"/>
      </object_component>
      <object_component id="oc-176">
         <name>.debug_info</name>
         <load_address>0x4bca</load_address>
         <run_address>0x4bca</run_address>
         <size>0x3f02</size>
         <input_file_ref idref="fl-7"/>
      </object_component>
      <object_component id="oc-29e">
         <name>.debug_info</name>
         <load_address>0x8acc</load_address>
         <run_address>0x8acc</run_address>
         <size>0x23f</size>
         <input_file_ref idref="fl-7"/>
      </object_component>
      <object_component id="oc-23f">
         <name>.debug_info</name>
         <load_address>0x8d0b</load_address>
         <run_address>0x8d0b</run_address>
         <size>0x46</size>
         <input_file_ref idref="fl-7"/>
      </object_component>
      <object_component id="oc-164">
         <name>.debug_info</name>
         <load_address>0x8d51</load_address>
         <run_address>0x8d51</run_address>
         <size>0x2c</size>
         <input_file_ref idref="fl-8"/>
      </object_component>
      <object_component id="oc-dc">
         <name>.debug_info</name>
         <load_address>0x8d7d</load_address>
         <run_address>0x8d7d</run_address>
         <size>0xc77</size>
         <input_file_ref idref="fl-9"/>
      </object_component>
      <object_component id="oc-7a">
         <name>.debug_info</name>
         <load_address>0x99f4</load_address>
         <run_address>0x99f4</run_address>
         <size>0x34d</size>
         <input_file_ref idref="fl-9"/>
      </object_component>
      <object_component id="oc-f7">
         <name>.debug_info</name>
         <load_address>0x9d41</load_address>
         <run_address>0x9d41</run_address>
         <size>0xf6</size>
         <input_file_ref idref="fl-9"/>
      </object_component>
      <object_component id="oc-106">
         <name>.debug_info</name>
         <load_address>0x9e37</load_address>
         <run_address>0x9e37</run_address>
         <size>0xf6</size>
         <input_file_ref idref="fl-9"/>
      </object_component>
      <object_component id="oc-109">
         <name>.debug_info</name>
         <load_address>0x9f2d</load_address>
         <run_address>0x9f2d</run_address>
         <size>0xf6</size>
         <input_file_ref idref="fl-9"/>
      </object_component>
      <object_component id="oc-fd">
         <name>.debug_info</name>
         <load_address>0xa023</load_address>
         <run_address>0xa023</run_address>
         <size>0x139</size>
         <input_file_ref idref="fl-9"/>
      </object_component>
      <object_component id="oc-103">
         <name>.debug_info</name>
         <load_address>0xa15c</load_address>
         <run_address>0xa15c</run_address>
         <size>0xf6</size>
         <input_file_ref idref="fl-9"/>
      </object_component>
      <object_component id="oc-fa">
         <name>.debug_info</name>
         <load_address>0xa252</load_address>
         <run_address>0xa252</run_address>
         <size>0x104</size>
         <input_file_ref idref="fl-9"/>
      </object_component>
      <object_component id="oc-100">
         <name>.debug_info</name>
         <load_address>0xa356</load_address>
         <run_address>0xa356</run_address>
         <size>0xf8</size>
         <input_file_ref idref="fl-9"/>
      </object_component>
      <object_component id="oc-81">
         <name>.debug_info</name>
         <load_address>0xa44e</load_address>
         <run_address>0xa44e</run_address>
         <size>0x5695</size>
         <input_file_ref idref="fl-9"/>
      </object_component>
      <object_component id="oc-dd">
         <name>.debug_info</name>
         <load_address>0xfae3</load_address>
         <run_address>0xfae3</run_address>
         <size>0x30c</size>
         <input_file_ref idref="fl-9"/>
      </object_component>
      <object_component id="oc-1ca">
         <name>.debug_info</name>
         <load_address>0xfdef</load_address>
         <run_address>0xfdef</run_address>
         <size>0x144</size>
         <input_file_ref idref="fl-9"/>
      </object_component>
      <object_component id="oc-90">
         <name>.debug_info</name>
         <load_address>0xff33</load_address>
         <run_address>0xff33</run_address>
         <size>0x678</size>
         <input_file_ref idref="fl-b"/>
      </object_component>
      <object_component id="oc-7d">
         <name>.debug_info</name>
         <load_address>0x105ab</load_address>
         <run_address>0x105ab</run_address>
         <size>0x16b</size>
         <input_file_ref idref="fl-b"/>
      </object_component>
      <object_component id="oc-8d">
         <name>.debug_info</name>
         <load_address>0x10716</load_address>
         <run_address>0x10716</run_address>
         <size>0x176</size>
         <input_file_ref idref="fl-b"/>
      </object_component>
      <object_component id="oc-34">
         <name>.debug_info</name>
         <load_address>0x1088c</load_address>
         <run_address>0x1088c</run_address>
         <size>0x9bf</size>
         <input_file_ref idref="fl-b"/>
      </object_component>
      <object_component id="oc-30">
         <name>.debug_info</name>
         <load_address>0x1124b</load_address>
         <run_address>0x1124b</run_address>
         <size>0x258</size>
         <input_file_ref idref="fl-c"/>
      </object_component>
      <object_component id="oc-1de">
         <name>.debug_info</name>
         <load_address>0x114a3</load_address>
         <run_address>0x114a3</run_address>
         <size>0x5b2</size>
         <input_file_ref idref="fl-d"/>
      </object_component>
      <object_component id="oc-1db">
         <name>.debug_info</name>
         <load_address>0x11a55</load_address>
         <run_address>0x11a55</run_address>
         <size>0xf1</size>
         <input_file_ref idref="fl-d"/>
      </object_component>
      <object_component id="oc-1d8">
         <name>.debug_info</name>
         <load_address>0x11b46</load_address>
         <run_address>0x11b46</run_address>
         <size>0xf1</size>
         <input_file_ref idref="fl-d"/>
      </object_component>
      <object_component id="oc-1d5">
         <name>.debug_info</name>
         <load_address>0x11c37</load_address>
         <run_address>0x11c37</run_address>
         <size>0x231</size>
         <input_file_ref idref="fl-d"/>
      </object_component>
      <object_component id="oc-e5">
         <name>.debug_info</name>
         <load_address>0x11e68</load_address>
         <run_address>0x11e68</run_address>
         <size>0x9e3</size>
         <input_file_ref idref="fl-d"/>
      </object_component>
      <object_component id="oc-270">
         <name>.debug_info</name>
         <load_address>0x1284b</load_address>
         <run_address>0x1284b</run_address>
         <size>0x62</size>
         <input_file_ref idref="fl-d"/>
      </object_component>
      <object_component id="oc-16f">
         <name>.debug_info</name>
         <load_address>0x128ad</load_address>
         <run_address>0x128ad</run_address>
         <size>0x2de</size>
         <input_file_ref idref="fl-e"/>
      </object_component>
      <object_component id="oc-1f3">
         <name>.debug_info</name>
         <load_address>0x12b8b</load_address>
         <run_address>0x12b8b</run_address>
         <size>0x604</size>
         <input_file_ref idref="fl-f"/>
      </object_component>
      <object_component id="oc-1ed">
         <name>.debug_info</name>
         <load_address>0x1318f</load_address>
         <run_address>0x1318f</run_address>
         <size>0xf4</size>
         <input_file_ref idref="fl-f"/>
      </object_component>
      <object_component id="oc-1f0">
         <name>.debug_info</name>
         <load_address>0x13283</load_address>
         <run_address>0x13283</run_address>
         <size>0xf8</size>
         <input_file_ref idref="fl-f"/>
      </object_component>
      <object_component id="oc-238">
         <name>.debug_info</name>
         <load_address>0x1337b</load_address>
         <run_address>0x1337b</run_address>
         <size>0x111</size>
         <input_file_ref idref="fl-f"/>
      </object_component>
      <object_component id="oc-f1">
         <name>.debug_info</name>
         <load_address>0x1348c</load_address>
         <run_address>0x1348c</run_address>
         <size>0x94f</size>
         <input_file_ref idref="fl-f"/>
      </object_component>
      <object_component id="oc-289">
         <name>.debug_info</name>
         <load_address>0x13ddb</load_address>
         <run_address>0x13ddb</run_address>
         <size>0x9e</size>
         <input_file_ref idref="fl-f"/>
      </object_component>
      <object_component id="oc-116">
         <name>.debug_info</name>
         <load_address>0x13e79</load_address>
         <run_address>0x13e79</run_address>
         <size>0x3a5</size>
         <input_file_ref idref="fl-10"/>
      </object_component>
      <object_component id="oc-20f">
         <name>.debug_info</name>
         <load_address>0x1421e</load_address>
         <run_address>0x1421e</run_address>
         <size>0xf5</size>
         <input_file_ref idref="fl-10"/>
      </object_component>
      <object_component id="oc-209">
         <name>.debug_info</name>
         <load_address>0x14313</load_address>
         <run_address>0x14313</run_address>
         <size>0xf3</size>
         <input_file_ref idref="fl-10"/>
      </object_component>
      <object_component id="oc-20c">
         <name>.debug_info</name>
         <load_address>0x14406</load_address>
         <run_address>0x14406</run_address>
         <size>0xf7</size>
         <input_file_ref idref="fl-10"/>
      </object_component>
      <object_component id="oc-218">
         <name>.debug_info</name>
         <load_address>0x144fd</load_address>
         <run_address>0x144fd</run_address>
         <size>0xfb</size>
         <input_file_ref idref="fl-10"/>
      </object_component>
      <object_component id="oc-10f">
         <name>.debug_info</name>
         <load_address>0x145f8</load_address>
         <run_address>0x145f8</run_address>
         <size>0x374e</size>
         <input_file_ref idref="fl-10"/>
      </object_component>
      <object_component id="oc-21f">
         <name>.debug_info</name>
         <load_address>0x17d46</load_address>
         <run_address>0x17d46</run_address>
         <size>0x1b8</size>
         <input_file_ref idref="fl-10"/>
      </object_component>
      <object_component id="oc-129">
         <name>.debug_info</name>
         <load_address>0x17efe</load_address>
         <run_address>0x17efe</run_address>
         <size>0x63d</size>
         <input_file_ref idref="fl-12"/>
      </object_component>
      <object_component id="oc-123">
         <name>.debug_info</name>
         <load_address>0x1853b</load_address>
         <run_address>0x1853b</run_address>
         <size>0xef</size>
         <input_file_ref idref="fl-12"/>
      </object_component>
      <object_component id="oc-11d">
         <name>.debug_info</name>
         <load_address>0x1862a</load_address>
         <run_address>0x1862a</run_address>
         <size>0xf4</size>
         <input_file_ref idref="fl-12"/>
      </object_component>
      <object_component id="oc-120">
         <name>.debug_info</name>
         <load_address>0x1871e</load_address>
         <run_address>0x1871e</run_address>
         <size>0xf8</size>
         <input_file_ref idref="fl-12"/>
      </object_component>
      <object_component id="oc-113">
         <name>.debug_info</name>
         <load_address>0x18816</load_address>
         <run_address>0x18816</run_address>
         <size>0x102</size>
         <input_file_ref idref="fl-12"/>
      </object_component>
      <object_component id="oc-126">
         <name>.debug_info</name>
         <load_address>0x18918</load_address>
         <run_address>0x18918</run_address>
         <size>0x123</size>
         <input_file_ref idref="fl-12"/>
      </object_component>
      <object_component id="oc-119">
         <name>.debug_info</name>
         <load_address>0x18a3b</load_address>
         <run_address>0x18a3b</run_address>
         <size>0xf2</size>
         <input_file_ref idref="fl-12"/>
      </object_component>
      <object_component id="oc-88">
         <name>.debug_info</name>
         <load_address>0x18b2d</load_address>
         <run_address>0x18b2d</run_address>
         <size>0x9526</size>
         <input_file_ref idref="fl-12"/>
      </object_component>
      <object_component id="oc-12a">
         <name>.debug_info</name>
         <load_address>0x22053</load_address>
         <run_address>0x22053</run_address>
         <size>0x1a1</size>
         <input_file_ref idref="fl-12"/>
      </object_component>
      <object_component id="oc-be">
         <name>.debug_info</name>
         <load_address>0x221f4</load_address>
         <run_address>0x221f4</run_address>
         <size>0x147</size>
         <input_file_ref idref="fl-cc"/>
      </object_component>
      <object_component id="oc-1e2">
         <name>.debug_info</name>
         <load_address>0x2233b</load_address>
         <run_address>0x2233b</run_address>
         <size>0x122</size>
         <input_file_ref idref="fl-cd"/>
      </object_component>
      <object_component id="oc-49">
         <name>.debug_info</name>
         <load_address>0x2245d</load_address>
         <run_address>0x2245d</run_address>
         <size>0x119</size>
         <input_file_ref idref="fl-ce"/>
      </object_component>
      <object_component id="oc-bb">
         <name>.debug_info</name>
         <load_address>0x22576</load_address>
         <run_address>0x22576</run_address>
         <size>0x2d4</size>
         <input_file_ref idref="fl-cf"/>
      </object_component>
      <object_component id="oc-59">
         <name>.debug_info</name>
         <load_address>0x2284a</load_address>
         <run_address>0x2284a</run_address>
         <size>0x1b5</size>
         <input_file_ref idref="fl-cf"/>
      </object_component>
      <object_component id="oc-b6">
         <name>.debug_info</name>
         <load_address>0x229ff</load_address>
         <run_address>0x229ff</run_address>
         <size>0x46</size>
         <input_file_ref idref="fl-cf"/>
      </object_component>
      <object_component id="oc-51">
         <name>.debug_info</name>
         <load_address>0x22a45</load_address>
         <run_address>0x22a45</run_address>
         <size>0x2a8</size>
         <input_file_ref idref="fl-d0"/>
      </object_component>
      <object_component id="oc-1e">
         <name>.debug_info</name>
         <load_address>0x22ced</load_address>
         <run_address>0x22ced</run_address>
         <size>0x1ea</size>
         <input_file_ref idref="fl-d0"/>
      </object_component>
      <object_component id="oc-4c">
         <name>.debug_info</name>
         <load_address>0x22ed7</load_address>
         <run_address>0x22ed7</run_address>
         <size>0x46</size>
         <input_file_ref idref="fl-d0"/>
      </object_component>
      <object_component id="oc-ae">
         <name>.debug_info</name>
         <load_address>0x22f1d</load_address>
         <run_address>0x22f1d</run_address>
         <size>0x2c</size>
         <input_file_ref idref="fl-d0"/>
      </object_component>
      <object_component id="oc-ac">
         <name>.debug_info</name>
         <load_address>0x22f49</load_address>
         <run_address>0x22f49</run_address>
         <size>0x29e</size>
         <input_file_ref idref="fl-d1"/>
      </object_component>
      <object_component id="oc-16">
         <name>.debug_info</name>
         <load_address>0x231e7</load_address>
         <run_address>0x231e7</run_address>
         <size>0x250</size>
         <input_file_ref idref="fl-d1"/>
      </object_component>
      <object_component id="oc-3c">
         <name>.debug_info</name>
         <load_address>0x23437</load_address>
         <run_address>0x23437</run_address>
         <size>0x60</size>
         <input_file_ref idref="fl-d1"/>
      </object_component>
      <object_component id="oc-15d">
         <name>.debug_info</name>
         <load_address>0x23497</load_address>
         <run_address>0x23497</run_address>
         <size>0x46</size>
         <input_file_ref idref="fl-d1"/>
      </object_component>
      <object_component id="oc-a7">
         <name>.debug_info</name>
         <load_address>0x234dd</load_address>
         <run_address>0x234dd</run_address>
         <size>0x39</size>
         <input_file_ref idref="fl-d1"/>
      </object_component>
      <object_component id="oc-282">
         <name>.debug_info</name>
         <load_address>0x23516</load_address>
         <run_address>0x23516</run_address>
         <size>0x29a</size>
         <input_file_ref idref="fl-d2"/>
      </object_component>
      <object_component id="oc-1e7">
         <name>.debug_info</name>
         <load_address>0x237b0</load_address>
         <run_address>0x237b0</run_address>
         <size>0x292</size>
         <input_file_ref idref="fl-d2"/>
      </object_component>
      <object_component id="oc-28f">
         <name>.debug_info</name>
         <load_address>0x23a42</load_address>
         <run_address>0x23a42</run_address>
         <size>0x2a4</size>
         <input_file_ref idref="fl-d3"/>
      </object_component>
      <object_component id="oc-205">
         <name>.debug_info</name>
         <load_address>0x23ce6</load_address>
         <run_address>0x23ce6</run_address>
         <size>0x24d</size>
         <input_file_ref idref="fl-d3"/>
      </object_component>
      <object_component id="oc-297">
         <name>.debug_info</name>
         <load_address>0x23f33</load_address>
         <run_address>0x23f33</run_address>
         <size>0x28f</size>
         <input_file_ref idref="fl-d4"/>
      </object_component>
      <object_component id="oc-212">
         <name>.debug_info</name>
         <load_address>0x241c2</load_address>
         <run_address>0x241c2</run_address>
         <size>0x245</size>
         <input_file_ref idref="fl-d4"/>
      </object_component>
      <object_component id="oc-25">
         <name>.debug_info</name>
         <load_address>0x24407</load_address>
         <run_address>0x24407</run_address>
         <size>0x10b</size>
         <input_file_ref idref="fl-d5"/>
      </object_component>
      <object_component id="oc-67">
         <name>.debug_info</name>
         <load_address>0x24512</load_address>
         <run_address>0x24512</run_address>
         <size>0x1a9</size>
         <input_file_ref idref="fl-d5"/>
      </object_component>
      <object_component id="oc-256">
         <name>.debug_info</name>
         <load_address>0x246bb</load_address>
         <run_address>0x246bb</run_address>
         <size>0x4b3</size>
         <input_file_ref idref="fl-d6"/>
      </object_component>
      <object_component id="oc-18f">
         <name>.debug_info</name>
         <load_address>0x24b6e</load_address>
         <run_address>0x24b6e</run_address>
         <size>0x1a6</size>
         <input_file_ref idref="fl-d6"/>
      </object_component>
      <object_component id="oc-2b3">
         <name>.debug_info</name>
         <load_address>0x24d14</load_address>
         <run_address>0x24d14</run_address>
         <size>0x39</size>
         <input_file_ref idref="fl-d6"/>
      </object_component>
      <object_component id="oc-2d9">
         <name>.debug_info</name>
         <load_address>0x24d4d</load_address>
         <run_address>0x24d4d</run_address>
         <size>0x39</size>
         <input_file_ref idref="fl-d6"/>
      </object_component>
      <object_component id="oc-2b8">
         <name>.debug_info</name>
         <load_address>0x24d86</load_address>
         <run_address>0x24d86</run_address>
         <size>0x39</size>
         <input_file_ref idref="fl-d6"/>
      </object_component>
      <object_component id="oc-2bd">
         <name>.debug_info</name>
         <load_address>0x24dbf</load_address>
         <run_address>0x24dbf</run_address>
         <size>0xcd</size>
         <input_file_ref idref="fl-d6"/>
      </object_component>
      <object_component id="oc-c3">
         <name>.debug_info</name>
         <load_address>0x24e8c</load_address>
         <run_address>0x24e8c</run_address>
         <size>0x153</size>
         <input_file_ref idref="fl-d7"/>
      </object_component>
      <object_component id="oc-184">
         <name>.debug_info</name>
         <load_address>0x24fdf</load_address>
         <run_address>0x24fdf</run_address>
         <size>0x122</size>
         <input_file_ref idref="fl-d9"/>
      </object_component>
      <object_component id="oc-314">
         <name>.debug_info</name>
         <load_address>0x25101</load_address>
         <run_address>0x25101</run_address>
         <size>0x9e</size>
      </object_component>
      <object_component id="oc-231">
         <name>.debug_line</name>
         <load_address>0x0</load_address>
         <run_address>0x0</run_address>
         <size>0x12e</size>
         <input_file_ref idref="fl-2"/>
      </object_component>
      <object_component id="oc-245">
         <name>.debug_line</name>
         <load_address>0x12e</load_address>
         <run_address>0x12e</run_address>
         <size>0x36</size>
         <input_file_ref idref="fl-2"/>
      </object_component>
      <object_component id="oc-cd">
         <name>.debug_line</name>
         <load_address>0x164</load_address>
         <run_address>0x164</run_address>
         <size>0xea</size>
         <input_file_ref idref="fl-2"/>
      </object_component>
      <object_component id="oc-14a">
         <name>.debug_line</name>
         <load_address>0x24e</load_address>
         <run_address>0x24e</run_address>
         <size>0x70</size>
         <input_file_ref idref="fl-2"/>
      </object_component>
      <object_component id="oc-a5">
         <name>.debug_line</name>
         <load_address>0x2be</load_address>
         <run_address>0x2be</run_address>
         <size>0x84</size>
         <input_file_ref idref="fl-2"/>
      </object_component>
      <object_component id="oc-13b">
         <name>.debug_line</name>
         <load_address>0x342</load_address>
         <run_address>0x342</run_address>
         <size>0x6f</size>
         <input_file_ref idref="fl-2"/>
      </object_component>
      <object_component id="oc-140">
         <name>.debug_line</name>
         <load_address>0x3b1</load_address>
         <run_address>0x3b1</run_address>
         <size>0x77</size>
         <input_file_ref idref="fl-2"/>
      </object_component>
      <object_component id="oc-154">
         <name>.debug_line</name>
         <load_address>0x428</load_address>
         <run_address>0x428</run_address>
         <size>0x74</size>
         <input_file_ref idref="fl-2"/>
      </object_component>
      <object_component id="oc-235">
         <name>.debug_line</name>
         <load_address>0x49c</load_address>
         <run_address>0x49c</run_address>
         <size>0x71</size>
         <input_file_ref idref="fl-2"/>
      </object_component>
      <object_component id="oc-249">
         <name>.debug_line</name>
         <load_address>0x50d</load_address>
         <run_address>0x50d</run_address>
         <size>0x72</size>
         <input_file_ref idref="fl-2"/>
      </object_component>
      <object_component id="oc-44">
         <name>.debug_line</name>
         <load_address>0x57f</load_address>
         <run_address>0x57f</run_address>
         <size>0x20</size>
         <input_file_ref idref="fl-2"/>
      </object_component>
      <object_component id="oc-94">
         <name>.debug_line</name>
         <load_address>0x59f</load_address>
         <run_address>0x59f</run_address>
         <size>0x74</size>
         <input_file_ref idref="fl-2"/>
      </object_component>
      <object_component id="oc-15b">
         <name>.debug_line</name>
         <load_address>0x613</load_address>
         <run_address>0x613</run_address>
         <size>0x88</size>
         <input_file_ref idref="fl-2"/>
      </object_component>
      <object_component id="oc-9e">
         <name>.debug_line</name>
         <load_address>0x69b</load_address>
         <run_address>0x69b</run_address>
         <size>0x85</size>
         <input_file_ref idref="fl-2"/>
      </object_component>
      <object_component id="oc-145">
         <name>.debug_line</name>
         <load_address>0x720</load_address>
         <run_address>0x720</run_address>
         <size>0x80</size>
         <input_file_ref idref="fl-2"/>
      </object_component>
      <object_component id="oc-99">
         <name>.debug_line</name>
         <load_address>0x7a0</load_address>
         <run_address>0x7a0</run_address>
         <size>0x83</size>
         <input_file_ref idref="fl-2"/>
      </object_component>
      <object_component id="oc-132">
         <name>.debug_line</name>
         <load_address>0x823</load_address>
         <run_address>0x823</run_address>
         <size>0x80</size>
         <input_file_ref idref="fl-2"/>
      </object_component>
      <object_component id="oc-14f">
         <name>.debug_line</name>
         <load_address>0x8a3</load_address>
         <run_address>0x8a3</run_address>
         <size>0x70</size>
         <input_file_ref idref="fl-2"/>
      </object_component>
      <object_component id="oc-a1">
         <name>.debug_line</name>
         <load_address>0x913</load_address>
         <run_address>0x913</run_address>
         <size>0x4a</size>
         <input_file_ref idref="fl-3"/>
      </object_component>
      <object_component id="oc-39">
         <name>.debug_line</name>
         <load_address>0x95d</load_address>
         <run_address>0x95d</run_address>
         <size>0x4a</size>
         <input_file_ref idref="fl-3"/>
      </object_component>
      <object_component id="oc-2c">
         <name>.debug_line</name>
         <load_address>0x9a7</load_address>
         <run_address>0x9a7</run_address>
         <size>0xaa</size>
         <input_file_ref idref="fl-3"/>
      </object_component>
      <object_component id="oc-2c5">
         <name>.debug_line</name>
         <load_address>0xa51</load_address>
         <run_address>0xa51</run_address>
         <size>0x177</size>
         <input_file_ref idref="fl-5"/>
      </object_component>
      <object_component id="oc-1c8">
         <name>.debug_line</name>
         <load_address>0xbc8</load_address>
         <run_address>0xbc8</run_address>
         <size>0x80</size>
         <input_file_ref idref="fl-5"/>
      </object_component>
      <object_component id="oc-1d2">
         <name>.debug_line</name>
         <load_address>0xc48</load_address>
         <run_address>0xc48</run_address>
         <size>0x74</size>
         <input_file_ref idref="fl-5"/>
      </object_component>
      <object_component id="oc-2c9">
         <name>.debug_line</name>
         <load_address>0xcbc</load_address>
         <run_address>0xcbc</run_address>
         <size>0x49</size>
         <input_file_ref idref="fl-5"/>
      </object_component>
      <object_component id="oc-2ce">
         <name>.debug_line</name>
         <load_address>0xd05</load_address>
         <run_address>0xd05</run_address>
         <size>0x78</size>
         <input_file_ref idref="fl-5"/>
      </object_component>
      <object_component id="oc-27c">
         <name>.debug_line</name>
         <load_address>0xd7d</load_address>
         <run_address>0xd7d</run_address>
         <size>0x74</size>
         <input_file_ref idref="fl-5"/>
      </object_component>
      <object_component id="oc-1c3">
         <name>.debug_line</name>
         <load_address>0xdf1</load_address>
         <run_address>0xdf1</run_address>
         <size>0x72</size>
         <input_file_ref idref="fl-5"/>
      </object_component>
      <object_component id="oc-27f">
         <name>.debug_line</name>
         <load_address>0xe63</load_address>
         <run_address>0xe63</run_address>
         <size>0x20</size>
         <input_file_ref idref="fl-6"/>
      </object_component>
      <object_component id="oc-ee">
         <name>.debug_line</name>
         <load_address>0xe83</load_address>
         <run_address>0xe83</run_address>
         <size>0xf3</size>
         <input_file_ref idref="fl-6"/>
      </object_component>
      <object_component id="oc-29d">
         <name>.debug_line</name>
         <load_address>0xf76</load_address>
         <run_address>0xf76</run_address>
         <size>0x1f0</size>
         <input_file_ref idref="fl-7"/>
      </object_component>
      <object_component id="oc-174">
         <name>.debug_line</name>
         <load_address>0x1166</load_address>
         <run_address>0x1166</run_address>
         <size>0x8fe</size>
         <input_file_ref idref="fl-7"/>
      </object_component>
      <object_component id="oc-2a1">
         <name>.debug_line</name>
         <load_address>0x1a64</load_address>
         <run_address>0x1a64</run_address>
         <size>0x42</size>
         <input_file_ref idref="fl-7"/>
      </object_component>
      <object_component id="oc-242">
         <name>.debug_line</name>
         <load_address>0x1aa6</load_address>
         <run_address>0x1aa6</run_address>
         <size>0x71</size>
         <input_file_ref idref="fl-7"/>
      </object_component>
      <object_component id="oc-167">
         <name>.debug_line</name>
         <load_address>0x1b17</load_address>
         <run_address>0x1b17</run_address>
         <size>0x80</size>
         <input_file_ref idref="fl-8"/>
      </object_component>
      <object_component id="oc-1bf">
         <name>.debug_line</name>
         <load_address>0x1b97</load_address>
         <run_address>0x1b97</run_address>
         <size>0x23a</size>
         <input_file_ref idref="fl-9"/>
      </object_component>
      <object_component id="oc-db">
         <name>.debug_line</name>
         <load_address>0x1dd1</load_address>
         <run_address>0x1dd1</run_address>
         <size>0x42</size>
         <input_file_ref idref="fl-9"/>
      </object_component>
      <object_component id="oc-1f5">
         <name>.debug_line</name>
         <load_address>0x1e13</load_address>
         <run_address>0x1e13</run_address>
         <size>0x42</size>
         <input_file_ref idref="fl-9"/>
      </object_component>
      <object_component id="oc-1ff">
         <name>.debug_line</name>
         <load_address>0x1e55</load_address>
         <run_address>0x1e55</run_address>
         <size>0x42</size>
         <input_file_ref idref="fl-9"/>
      </object_component>
      <object_component id="oc-201">
         <name>.debug_line</name>
         <load_address>0x1e97</load_address>
         <run_address>0x1e97</run_address>
         <size>0x42</size>
         <input_file_ref idref="fl-9"/>
      </object_component>
      <object_component id="oc-1f9">
         <name>.debug_line</name>
         <load_address>0x1ed9</load_address>
         <run_address>0x1ed9</run_address>
         <size>0x42</size>
         <input_file_ref idref="fl-9"/>
      </object_component>
      <object_component id="oc-1fd">
         <name>.debug_line</name>
         <load_address>0x1f1b</load_address>
         <run_address>0x1f1b</run_address>
         <size>0x42</size>
         <input_file_ref idref="fl-9"/>
      </object_component>
      <object_component id="oc-1f7">
         <name>.debug_line</name>
         <load_address>0x1f5d</load_address>
         <run_address>0x1f5d</run_address>
         <size>0x42</size>
         <input_file_ref idref="fl-9"/>
      </object_component>
      <object_component id="oc-1fb">
         <name>.debug_line</name>
         <load_address>0x1f9f</load_address>
         <run_address>0x1f9f</run_address>
         <size>0x42</size>
         <input_file_ref idref="fl-9"/>
      </object_component>
      <object_component id="oc-80">
         <name>.debug_line</name>
         <load_address>0x1fe1</load_address>
         <run_address>0x1fe1</run_address>
         <size>0xd79</size>
         <input_file_ref idref="fl-9"/>
      </object_component>
      <object_component id="oc-e0">
         <name>.debug_line</name>
         <load_address>0x2d5a</load_address>
         <run_address>0x2d5a</run_address>
         <size>0x70</size>
         <input_file_ref idref="fl-9"/>
      </object_component>
      <object_component id="oc-1cd">
         <name>.debug_line</name>
         <load_address>0x2dca</load_address>
         <run_address>0x2dca</run_address>
         <size>0x42</size>
         <input_file_ref idref="fl-9"/>
      </object_component>
      <object_component id="oc-137">
         <name>.debug_line</name>
         <load_address>0x2e0c</load_address>
         <run_address>0x2e0c</run_address>
         <size>0xfe</size>
         <input_file_ref idref="fl-b"/>
      </object_component>
      <object_component id="oc-e3">
         <name>.debug_line</name>
         <load_address>0x2f0a</load_address>
         <run_address>0x2f0a</run_address>
         <size>0x57</size>
         <input_file_ref idref="fl-b"/>
      </object_component>
      <object_component id="oc-135">
         <name>.debug_line</name>
         <load_address>0x2f61</load_address>
         <run_address>0x2f61</run_address>
         <size>0x57</size>
         <input_file_ref idref="fl-b"/>
      </object_component>
      <object_component id="oc-33">
         <name>.debug_line</name>
         <load_address>0x2fb8</load_address>
         <run_address>0x2fb8</run_address>
         <size>0x19b</size>
         <input_file_ref idref="fl-b"/>
      </object_component>
      <object_component id="oc-2e">
         <name>.debug_line</name>
         <load_address>0x3153</load_address>
         <run_address>0x3153</run_address>
         <size>0xec</size>
         <input_file_ref idref="fl-c"/>
      </object_component>
      <object_component id="oc-278">
         <name>.debug_line</name>
         <load_address>0x323f</load_address>
         <run_address>0x323f</run_address>
         <size>0xd3</size>
         <input_file_ref idref="fl-d"/>
      </object_component>
      <object_component id="oc-276">
         <name>.debug_line</name>
         <load_address>0x3312</load_address>
         <run_address>0x3312</run_address>
         <size>0x54</size>
         <input_file_ref idref="fl-d"/>
      </object_component>
      <object_component id="oc-26f">
         <name>.debug_line</name>
         <load_address>0x3366</load_address>
         <run_address>0x3366</run_address>
         <size>0x54</size>
         <input_file_ref idref="fl-d"/>
      </object_component>
      <object_component id="oc-26d">
         <name>.debug_line</name>
         <load_address>0x33ba</load_address>
         <run_address>0x33ba</run_address>
         <size>0x54</size>
         <input_file_ref idref="fl-d"/>
      </object_component>
      <object_component id="oc-e9">
         <name>.debug_line</name>
         <load_address>0x340e</load_address>
         <run_address>0x340e</run_address>
         <size>0x1f8</size>
         <input_file_ref idref="fl-d"/>
      </object_component>
      <object_component id="oc-273">
         <name>.debug_line</name>
         <load_address>0x3606</load_address>
         <run_address>0x3606</run_address>
         <size>0x54</size>
         <input_file_ref idref="fl-d"/>
      </object_component>
      <object_component id="oc-16e">
         <name>.debug_line</name>
         <load_address>0x365a</load_address>
         <run_address>0x365a</run_address>
         <size>0x95</size>
         <input_file_ref idref="fl-e"/>
      </object_component>
      <object_component id="oc-288">
         <name>.debug_line</name>
         <load_address>0x36ef</load_address>
         <run_address>0x36ef</run_address>
         <size>0x127</size>
         <input_file_ref idref="fl-f"/>
      </object_component>
      <object_component id="oc-284">
         <name>.debug_line</name>
         <load_address>0x3816</load_address>
         <run_address>0x3816</run_address>
         <size>0x55</size>
         <input_file_ref idref="fl-f"/>
      </object_component>
      <object_component id="oc-286">
         <name>.debug_line</name>
         <load_address>0x386b</load_address>
         <run_address>0x386b</run_address>
         <size>0x55</size>
         <input_file_ref idref="fl-f"/>
      </object_component>
      <object_component id="oc-29b">
         <name>.debug_line</name>
         <load_address>0x38c0</load_address>
         <run_address>0x38c0</run_address>
         <size>0x55</size>
         <input_file_ref idref="fl-f"/>
      </object_component>
      <object_component id="oc-f5">
         <name>.debug_line</name>
         <load_address>0x3915</load_address>
         <run_address>0x3915</run_address>
         <size>0x16e</size>
         <input_file_ref idref="fl-f"/>
      </object_component>
      <object_component id="oc-28c">
         <name>.debug_line</name>
         <load_address>0x3a83</load_address>
         <run_address>0x3a83</run_address>
         <size>0x55</size>
         <input_file_ref idref="fl-f"/>
      </object_component>
      <object_component id="oc-21e">
         <name>.debug_line</name>
         <load_address>0x3ad8</load_address>
         <run_address>0x3ad8</run_address>
         <size>0xac</size>
         <input_file_ref idref="fl-10"/>
      </object_component>
      <object_component id="oc-295">
         <name>.debug_line</name>
         <load_address>0x3b84</load_address>
         <run_address>0x3b84</run_address>
         <size>0x4c</size>
         <input_file_ref idref="fl-10"/>
      </object_component>
      <object_component id="oc-291">
         <name>.debug_line</name>
         <load_address>0x3bd0</load_address>
         <run_address>0x3bd0</run_address>
         <size>0x4c</size>
         <input_file_ref idref="fl-10"/>
      </object_component>
      <object_component id="oc-293">
         <name>.debug_line</name>
         <load_address>0x3c1c</load_address>
         <run_address>0x3c1c</run_address>
         <size>0x4c</size>
         <input_file_ref idref="fl-10"/>
      </object_component>
      <object_component id="oc-299">
         <name>.debug_line</name>
         <load_address>0x3c68</load_address>
         <run_address>0x3c68</run_address>
         <size>0x4c</size>
         <input_file_ref idref="fl-10"/>
      </object_component>
      <object_component id="oc-111">
         <name>.debug_line</name>
         <load_address>0x3cb4</load_address>
         <run_address>0x3cb4</run_address>
         <size>0x83c</size>
         <input_file_ref idref="fl-10"/>
      </object_component>
      <object_component id="oc-222">
         <name>.debug_line</name>
         <load_address>0x44f0</load_address>
         <run_address>0x44f0</run_address>
         <size>0x4c</size>
         <input_file_ref idref="fl-10"/>
      </object_component>
      <object_component id="oc-22f">
         <name>.debug_line</name>
         <load_address>0x453c</load_address>
         <run_address>0x453c</run_address>
         <size>0x4c</size>
         <input_file_ref idref="fl-12"/>
      </object_component>
      <object_component id="oc-22b">
         <name>.debug_line</name>
         <load_address>0x4588</load_address>
         <run_address>0x4588</run_address>
         <size>0x50</size>
         <input_file_ref idref="fl-12"/>
      </object_component>
      <object_component id="oc-227">
         <name>.debug_line</name>
         <load_address>0x45d8</load_address>
         <run_address>0x45d8</run_address>
         <size>0x50</size>
         <input_file_ref idref="fl-12"/>
      </object_component>
      <object_component id="oc-229">
         <name>.debug_line</name>
         <load_address>0x4628</load_address>
         <run_address>0x4628</run_address>
         <size>0x50</size>
         <input_file_ref idref="fl-12"/>
      </object_component>
      <object_component id="oc-21c">
         <name>.debug_line</name>
         <load_address>0x4678</load_address>
         <run_address>0x4678</run_address>
         <size>0x50</size>
         <input_file_ref idref="fl-12"/>
      </object_component>
      <object_component id="oc-22d">
         <name>.debug_line</name>
         <load_address>0x46c8</load_address>
         <run_address>0x46c8</run_address>
         <size>0x50</size>
         <input_file_ref idref="fl-12"/>
      </object_component>
      <object_component id="oc-225">
         <name>.debug_line</name>
         <load_address>0x4718</load_address>
         <run_address>0x4718</run_address>
         <size>0x50</size>
         <input_file_ref idref="fl-12"/>
      </object_component>
      <object_component id="oc-8b">
         <name>.debug_line</name>
         <load_address>0x4768</load_address>
         <run_address>0x4768</run_address>
         <size>0x10d3</size>
         <input_file_ref idref="fl-12"/>
      </object_component>
      <object_component id="oc-12d">
         <name>.debug_line</name>
         <load_address>0x583b</load_address>
         <run_address>0x583b</run_address>
         <size>0x50</size>
         <input_file_ref idref="fl-12"/>
      </object_component>
      <object_component id="oc-bd">
         <name>.debug_line</name>
         <load_address>0x588b</load_address>
         <run_address>0x588b</run_address>
         <size>0x79</size>
         <input_file_ref idref="fl-cc"/>
      </object_component>
      <object_component id="oc-1e5">
         <name>.debug_line</name>
         <load_address>0x5904</load_address>
         <run_address>0x5904</run_address>
         <size>0x43</size>
         <input_file_ref idref="fl-cd"/>
      </object_component>
      <object_component id="oc-48">
         <name>.debug_line</name>
         <load_address>0x5947</load_address>
         <run_address>0x5947</run_address>
         <size>0x88</size>
         <input_file_ref idref="fl-ce"/>
      </object_component>
      <object_component id="oc-16a">
         <name>.debug_line</name>
         <load_address>0x59cf</load_address>
         <run_address>0x59cf</run_address>
         <size>0x92</size>
         <input_file_ref idref="fl-cf"/>
      </object_component>
      <object_component id="oc-5c">
         <name>.debug_line</name>
         <load_address>0x5a61</load_address>
         <run_address>0x5a61</run_address>
         <size>0x53</size>
         <input_file_ref idref="fl-cf"/>
      </object_component>
      <object_component id="oc-b9">
         <name>.debug_line</name>
         <load_address>0x5ab4</load_address>
         <run_address>0x5ab4</run_address>
         <size>0x34</size>
         <input_file_ref idref="fl-cf"/>
      </object_component>
      <object_component id="oc-b4">
         <name>.debug_line</name>
         <load_address>0x5ae8</load_address>
         <run_address>0x5ae8</run_address>
         <size>0x20</size>
         <input_file_ref idref="fl-d0"/>
      </object_component>
      <object_component id="oc-20">
         <name>.debug_line</name>
         <load_address>0x5b08</load_address>
         <run_address>0x5b08</run_address>
         <size>0x55</size>
         <input_file_ref idref="fl-d0"/>
      </object_component>
      <object_component id="oc-4f">
         <name>.debug_line</name>
         <load_address>0x5b5d</load_address>
         <run_address>0x5b5d</run_address>
         <size>0x3a</size>
         <input_file_ref idref="fl-d0"/>
      </object_component>
      <object_component id="oc-b1">
         <name>.debug_line</name>
         <load_address>0x5b97</load_address>
         <run_address>0x5b97</run_address>
         <size>0x92</size>
         <input_file_ref idref="fl-d0"/>
      </object_component>
      <object_component id="oc-163">
         <name>.debug_line</name>
         <load_address>0x5c29</load_address>
         <run_address>0x5c29</run_address>
         <size>0x20</size>
         <input_file_ref idref="fl-d1"/>
      </object_component>
      <object_component id="oc-19">
         <name>.debug_line</name>
         <load_address>0x5c49</load_address>
         <run_address>0x5c49</run_address>
         <size>0xa9</size>
         <input_file_ref idref="fl-d1"/>
      </object_component>
      <object_component id="oc-3f">
         <name>.debug_line</name>
         <load_address>0x5cf2</load_address>
         <run_address>0x5cf2</run_address>
         <size>0x3a</size>
         <input_file_ref idref="fl-d1"/>
      </object_component>
      <object_component id="oc-160">
         <name>.debug_line</name>
         <load_address>0x5d2c</load_address>
         <run_address>0x5d2c</run_address>
         <size>0x9a</size>
         <input_file_ref idref="fl-d1"/>
      </object_component>
      <object_component id="oc-aa">
         <name>.debug_line</name>
         <load_address>0x5dc6</load_address>
         <run_address>0x5dc6</run_address>
         <size>0x96</size>
         <input_file_ref idref="fl-d1"/>
      </object_component>
      <object_component id="oc-2d1">
         <name>.debug_line</name>
         <load_address>0x5e5c</load_address>
         <run_address>0x5e5c</run_address>
         <size>0x20</size>
         <input_file_ref idref="fl-d2"/>
      </object_component>
      <object_component id="oc-1eb">
         <name>.debug_line</name>
         <load_address>0x5e7c</load_address>
         <run_address>0x5e7c</run_address>
         <size>0xb2</size>
         <input_file_ref idref="fl-d2"/>
      </object_component>
      <object_component id="oc-2d3">
         <name>.debug_line</name>
         <load_address>0x5f2e</load_address>
         <run_address>0x5f2e</run_address>
         <size>0x20</size>
         <input_file_ref idref="fl-d3"/>
      </object_component>
      <object_component id="oc-204">
         <name>.debug_line</name>
         <load_address>0x5f4e</load_address>
         <run_address>0x5f4e</run_address>
         <size>0xa8</size>
         <input_file_ref idref="fl-d3"/>
      </object_component>
      <object_component id="oc-2d5">
         <name>.debug_line</name>
         <load_address>0x5ff6</load_address>
         <run_address>0x5ff6</run_address>
         <size>0x20</size>
         <input_file_ref idref="fl-d4"/>
      </object_component>
      <object_component id="oc-215">
         <name>.debug_line</name>
         <load_address>0x6016</load_address>
         <run_address>0x6016</run_address>
         <size>0xb2</size>
         <input_file_ref idref="fl-d4"/>
      </object_component>
      <object_component id="oc-77">
         <name>.debug_line</name>
         <load_address>0x60c8</load_address>
         <run_address>0x60c8</run_address>
         <size>0x33</size>
         <input_file_ref idref="fl-d5"/>
      </object_component>
      <object_component id="oc-65">
         <name>.debug_line</name>
         <load_address>0x60fb</load_address>
         <run_address>0x60fb</run_address>
         <size>0x45</size>
         <input_file_ref idref="fl-d5"/>
      </object_component>
      <object_component id="oc-2b2">
         <name>.debug_line</name>
         <load_address>0x6140</load_address>
         <run_address>0x6140</run_address>
         <size>0xbf</size>
         <input_file_ref idref="fl-d6"/>
      </object_component>
      <object_component id="oc-18e">
         <name>.debug_line</name>
         <load_address>0x61ff</load_address>
[...]
      </symbol>
      <symbol id="sm-75c">
         <name>SEGGER_RTT_ReadNoLock</name>
         <value>0x661b</value>
         <object_component_ref idref="oc-10c"/>
      </symbol>
      <symbol id="sm-75d">
         <name>SEGGER_RTT_WaitKey</name>
         <value>0x6c9b</value>
         <object_component_ref idref="oc-10c"/>
      </symbol>
      <symbol id="sm-75e">
         <name>SEGGER_RTT_PutChar</name>
         <value>0x6be9</value>
         <object_component_ref idref="oc-10c"/>
      </symbol>
      <symbol id="sm-75f">
         <name>SEGGER_RTT_SetNameUpBuffer</name>
         <value>0x6ff9</value>
         <object_component_ref idref="oc-10c"/>
      </symbol>
      <symbol id="sm-760">
         <name>SEGGER_RTT_TerminalOut</name>
         <value>0x720d</value>
         <object_component_ref idref="oc-10c"/>
      </symbol>
      <symbol id="sm-761">
         <name>SEGGER_RTT_PutCharSkip</name>
         <value>0x6b69</value>
         <object_component_ref idref="oc-10c"/>
      </symbol>
      <symbol id="sm-762">
         <name>SEGGER_RTT_WriteDownBufferNoLock</name>
         <value>0x694d</value>
         <object_component_ref idref="oc-10c"/>
      </symbol>
      <symbol id="sm-763">
         <name>SEGGER_RTT_Read</name>
         <value>0x6745</value>
         <object_component_ref idref="oc-10c"/>
      </symbol>
      <symbol id="sm-764">
         <name>SEGGER_RTT_Write</name>
         <value>0x6ab3</value>
         <object_component_ref idref="oc-10c"/>
      </symbol>
      <symbol id="sm-765">
         <name>SEGGER_RTT_WriteSkipNoLock</name>
         <value>0x6881</value>
         <object_component_ref idref="oc-10c"/>
      </symbol>
      <symbol id="sm-766">
         <name>SEGGER_RTT_HasKey</name>
         <value>0x6cad</value>
         <object_component_ref idref="oc-10c"/>
      </symbol>
      <symbol id="sm-767">
         <name>SEGGER_RTT_WriteDownBuffer</name>
         <value>0x6a79</value>
         <object_component_ref idref="oc-10c"/>
      </symbol>
      <symbol id="sm-768">
         <name>SEGGER_RTT_ConfigUpBuffer</name>
         <value>0x6e9d</value>
         <object_component_ref idref="oc-10c"/>
      </symbol>
      <symbol id="sm-769">
         <name>SEGGER_RTT_WriteString</name>
         <value>0x6aed</value>
         <object_component_ref idref="oc-10c"/>
      </symbol>
      <symbol id="sm-76a">
         <name>SEGGER_RTT_SetNameDownBuffer</name>
         <value>0x7051</value>
         <object_component_ref idref="oc-10c"/>
      </symbol>
      <symbol id="sm-76b">
         <name>SEGGER_RTT_GetAvailWriteSpace</name>
         <value>0x7317</value>
         <object_component_ref idref="oc-10c"/>
      </symbol>
      <symbol id="sm-76c">
         <name>SEGGER_RTT_SetFlagsDownBuffer</name>
         <value>0x7109</value>
         <object_component_ref idref="oc-10c"/>
      </symbol>
      <symbol id="sm-76d">
         <name>SEGGER_RTT_WriteNoLock</name>
         <value>0x69e3</value>
         <object_component_ref idref="oc-10c"/>
      </symbol>
      <symbol id="sm-76e">
         <name>SEGGER_RTT_GetBytesInBuffer</name>
         <value>0x7335</value>
         <object_component_ref idref="oc-10c"/>
      </symbol>
      <symbol id="sm-76f">
         <name>SEGGER_RTT_AllocUpBuffer</name>
         <value>0x6de5</value>
         <object_component_ref idref="oc-10c"/>
      </symbol>
      <symbol id="sm-770">
         <name>SEGGER_RTT_HasData</name>
         <value>0x6cd7</value>
         <object_component_ref idref="oc-10c"/>
      </symbol>
      <symbol id="sm-771">
         <name>SEGGER_RTT_PutCharSkipNoLock</name>
         <value>0x6b0d</value>
         <object_component_ref idref="oc-10c"/>
      </symbol>
      <symbol id="sm-772">
         <name>SEGGER_RTT_ConfigDownBuffer</name>
         <value>0x6f45</value>
         <object_component_ref idref="oc-10c"/>
      </symbol>
      <symbol id="sm-773">
         <name>SEGGER_RTT_Init</name>
         <value>0x715d</value>
         <object_component_ref idref="oc-10c"/>
      </symbol>
      <symbol id="sm-774">
         <name>SEGGER_RTT_ReadUpBuffer</name>
         <value>0x6715</value>
         <object_component_ref idref="oc-10c"/>
      </symbol>
      <symbol id="sm-775">
         <name>SEGGER_RTT_SetFlagsUpBuffer</name>
         <value>0x70a5</value>
         <object_component_ref idref="oc-10c"/>
      </symbol>
      <symbol id="sm-776">
         <name>SEGGER_RTT_WriteWithOverwriteNoLock</name>
         <value>0x6775</value>
         <object_component_ref idref="oc-10c"/>
      </symbol>
      <symbol id="sm-9b3">
         <name>SEGGER_SYSVIEW_RecordEndCall</name>
         <value>0x23cb</value>
         <object_component_ref idref="oc-86"/>
      </symbol>
      <symbol id="sm-9b4">
         <name>SEGGER_SYSVIEW_MarkStart</name>
         <value>0x27d9</value>
         <object_component_ref idref="oc-86"/>
      </symbol>
      <symbol id="sm-9b5">
         <name>SEGGER_SYSVIEW_SendTaskInfo</name>
         <value>0x2011</value>
         <object_component_ref idref="oc-86"/>
      </symbol>
      <symbol id="sm-9b6">
         <name>SEGGER_SYSVIEW_RecordModuleDescription</name>
         <value>0x2c0d</value>
         <object_component_ref idref="oc-86"/>
      </symbol>
      <symbol id="sm-9b7">
         <name>SEGGER_SYSVIEW_RecordSystime</name>
         <value>0x2227</value>
         <object_component_ref idref="oc-86"/>
      </symbol>
      <symbol id="sm-9b8">
         <name>SEGGER_SYSVIEW_EncodeId</name>
         <value>0x2b2f</value>
         <object_component_ref idref="oc-86"/>
      </symbol>
      <symbol id="sm-9b9">
         <name>SEGGER_SYSVIEW_Stop</name>
         <value>0x1e99</value>
         <object_component_ref idref="oc-86"/>
      </symbol>
      <symbol id="sm-9ba">
         <name>SEGGER_SYSVIEW_SendNumModules</name>
         <value>0x2e0d</value>
         <object_component_ref idref="oc-86"/>
      </symbol>
      <symbol id="sm-9bb">
         <name>SEGGER_SYSVIEW_GetSysDesc</name>
         <value>0x1ed9</value>
         <object_component_ref idref="oc-86"/>
      </symbol>
      <symbol id="sm-9bc">
         <name>SEGGER_SYSVIEW_SendTaskList</name>
         <value>0x21d1</value>
         <object_component_ref idref="oc-86"/>
      </symbol>
      <symbol id="sm-9bd">
         <name>SEGGER_SYSVIEW_SendModuleDescription</name>
         <value>0x2de1</value>
         <object_component_ref idref="oc-86"/>
      </symbol>
      <symbol id="sm-9be">
         <name>SEGGER_SYSVIEW_PrintfHost</name>
         <value>0x2ea9</value>
         <object_component_ref idref="oc-86"/>
      </symbol>
      <symbol id="sm-9bf">
         <name>SEGGER_SYSVIEW_RecordU32x10</name>
         <value>0x1a91</value>
         <object_component_ref idref="oc-86"/>
      </symbol>
      <symbol id="sm-9c0">
         <name>SEGGER_SYSVIEW_OnTaskCreate</name>
         <value>0x2515</value>
         <object_component_ref idref="oc-86"/>
      </symbol>
      <symbol id="sm-9c1">
         <name>SEGGER_SYSVIEW_RecordExitTimer</name>
         <value>0x23a3</value>
         <object_component_ref idref="oc-86"/>
      </symbol>
      <symbol id="sm-9c2">
         <name>SEGGER_SYSVIEW_Error</name>
         <value>0x3115</value>
         <object_component_ref idref="oc-86"/>
      </symbol>
      <symbol id="sm-9c3">
         <name>SEGGER_SYSVIEW_OnTaskStartReady</name>
         <value>0x26a9</value>
         <object_component_ref idref="oc-86"/>
      </symbol>
      <symbol id="sm-9c4">
         <name>SEGGER_SYSVIEW_OnTaskTerminate</name>
         <value>0x2591</value>
         <object_component_ref idref="oc-86"/>
      </symbol>
      <symbol id="sm-9c5">
         <name>SEGGER_SYSVIEW_Print</name>
         <value>0x2fbd</value>
         <object_component_ref idref="oc-86"/>
      </symbol>
      <symbol id="sm-9c6">
         <name>SEGGER_SYSVIEW_MarkStop</name>
         <value>0x2849</value>
         <object_component_ref idref="oc-86"/>
      </symbol>
      <symbol id="sm-9c7">
         <name>SEGGER_SYSVIEW_RecordEnterTimer</name>
         <value>0x2327</value>
         <object_component_ref idref="oc-86"/>
      </symbol>
      <symbol id="sm-9c8">
         <name>SEGGER_SYSVIEW_ErrorfTarget</name>
         <value>0x2f97</value>
         <object_component_ref idref="oc-86"/>
      </symbol>
      <symbol id="sm-9c9">
         <name>SEGGER_SYSVIEW_NameResource</name>
         <value>0x2a0b</value>
         <object_component_ref idref="oc-86"/>
      </symbol>
      <symbol id="sm-9ca">
         <name>SEGGER_SYSVIEW_RecordExitISR</name>
         <value>0x22d7</value>
         <object_component_ref idref="oc-86"/>
      </symbol>
      <symbol id="sm-9cb">
         <name>SEGGER_SYSVIEW_RecordVoid</name>
         <value>0xe41</value>
         <object_component_ref idref="oc-86"/>
      </symbol>
      <symbol id="sm-9cc">
         <name>SEGGER_SYSVIEW_RecordString</name>
         <value>0x1d03</value>
         <object_component_ref idref="oc-86"/>
      </symbol>
      <symbol id="sm-9cd">
         <name>SEGGER_SYSVIEW_EncodeString</name>
         <value>0x2b07</value>
         <object_component_ref idref="oc-86"/>
      </symbol>
      <symbol id="sm-9ce">
         <name>SEGGER_SYSVIEW_PrintfTarget</name>
         <value>0x2f4b</value>
         <object_component_ref idref="oc-86"/>
      </symbol>
      <symbol id="sm-9cf">
         <name>SEGGER_SYSVIEW_SendModule</name>
         <value>0x2ced</value>
         <object_component_ref idref="oc-86"/>
      </symbol>
      <symbol id="sm-9d0">
         <name>SEGGER_SYSVIEW_EncodeData</name>
         <value>0x2b1b</value>
         <object_component_ref idref="oc-86"/>
      </symbol>
      <symbol id="sm-9d1">
         <name>SEGGER_SYSVIEW_ErrorfHost</name>
         <value>0x2efb</value>
         <object_component_ref idref="oc-86"/>
      </symbol>
      <symbol id="sm-9d2">
         <name>SEGGER_SYSVIEW_Mark</name>
         <value>0x28b5</value>
         <object_component_ref idref="oc-86"/>
      </symbol>
      <symbol id="sm-9d3">
         <name>SEGGER_SYSVIEW_NameMarker</name>
         <value>0x2959</value>
         <object_component_ref idref="oc-86"/>
      </symbol>
      <symbol id="sm-9d4">
         <name>SEGGER_SYSVIEW_ShrinkId</name>
         <value>0x2b81</value>
         <object_component_ref idref="oc-86"/>
      </symbol>
      <symbol id="sm-9d5">
         <name>SEGGER_SYSVIEW_OnIdle</name>
         <value>0x24e3</value>
         <object_component_ref idref="oc-86"/>
      </symbol>
      <symbol id="sm-9d6">
         <name>SEGGER_SYSVIEW_DisableEvents</name>
         <value>0x31d5</value>
         <object_component_ref idref="oc-86"/>
      </symbol>
      <symbol id="sm-9d7">
         <name>SEGGER_SYSVIEW_SendPacket</name>
         <value>0x2a8d</value>
         <object_component_ref idref="oc-86"/>
      </symbol>
      <symbol id="sm-9d8">
         <name>SEGGER_SYSVIEW_OnTaskStartExec</name>
         <value>0x2609</value>
         <object_component_ref idref="oc-86"/>
      </symbol>
      <symbol id="sm-9d9">
         <name>SEGGER_SYSVIEW_GetChannelID</name>
         <value>0x1ecd</value>
         <object_component_ref idref="oc-86"/>
      </symbol>
      <symbol id="sm-9da">
         <name>SEGGER_SYSVIEW_EnableEvents</name>
         <value>0x31c1</value>
         <object_component_ref idref="oc-86"/>
      </symbol>
      <symbol id="sm-9db">
         <name>SEGGER_SYSVIEW_Start</name>
         <value>0x1d41</value>
         <object_component_ref idref="oc-86"/>
      </symbol>
      <symbol id="sm-9dc">
         <name>SEGGER_SYSVIEW_RecordEnterISR</name>
         <value>0x225b</value>
         <object_component_ref idref="oc-86"/>
      </symbol>
      <symbol id="sm-9dd">
         <name>SEGGER_SYSVIEW_RecordU32x5</name>
         <value>0x11b7</value>
         <object_component_ref idref="oc-86"/>
      </symbol>
      <symbol id="sm-9de">
         <name>SEGGER_SYSVIEW_RecordU32x4</name>
         <value>0x1095</value>
         <object_component_ref idref="oc-86"/>
      </symbol>
      <symbol id="sm-9df">
         <name>SEGGER_SYSVIEW_RecordU32x7</name>
         <value>0x149b</value>
         <object_component_ref idref="oc-86"/>
      </symbol>
      <symbol id="sm-9e0">
         <name>SEGGER_SYSVIEW_RecordU32x6</name>
         <value>0x1309</value>
         <object_component_ref idref="oc-86"/>
      </symbol>
      <symbol id="sm-9e1">
         <name>SEGGER_SYSVIEW_RecordU32x3</name>
         <value>0xf81</value>
         <object_component_ref idref="oc-86"/>
      </symbol>
      <symbol id="sm-9e2">
         <name>SEGGER_SYSVIEW_RecordU32x2</name>
         <value>0xed9</value>
         <object_component_ref idref="oc-86"/>
      </symbol>
      <symbol id="sm-9e3">
         <name>SEGGER_SYSVIEW_RecordU32x9</name>
         <value>0x185f</value>
         <object_component_ref idref="oc-86"/>
      </symbol>
      <symbol id="sm-9e4">
         <name>SEGGER_SYSVIEW_RecordU32x8</name>
         <value>0x165d</value>
         <object_component_ref idref="oc-86"/>
      </symbol>
      <symbol id="sm-9e5">
         <name>SEGGER_SYSVIEW_SetRAMBase</name>
         <value>0xe31</value>
         <object_component_ref idref="oc-86"/>
      </symbol>
      <symbol id="sm-9e6">
         <name>SEGGER_SYSVIEW_EncodeU32</name>
         <value>0x2ac1</value>
         <object_component_ref idref="oc-86"/>
      </symbol>
      <symbol id="sm-9e7">
         <name>SEGGER_SYSVIEW_RecordEndCallU32</name>
         <value>0x243d</value>
         <object_component_ref idref="oc-86"/>
      </symbol>
      <symbol id="sm-9e8">
         <name>SEGGER_SYSVIEW_IsStarted</name>
         <value>0x31e9</value>
         <object_component_ref idref="oc-86"/>
      </symbol>
      <symbol id="sm-9e9">
         <name>SEGGER_SYSVIEW_SendSysDesc</name>
         <value>0x21eb</value>
         <object_component_ref idref="oc-86"/>
      </symbol>
      <symbol id="sm-9ea">
         <name>SEGGER_SYSVIEW_Warn</name>
         <value>0x3069</value>
         <object_component_ref idref="oc-86"/>
      </symbol>
      <symbol id="sm-9eb">
         <name>SEGGER_SYSVIEW_PrintfHostEx</name>
         <value>0x2e7f</value>
         <object_component_ref idref="oc-86"/>
      </symbol>
      <symbol id="sm-9ec">
         <name>SEGGER_SYSVIEW_PrintfTargetEx</name>
         <value>0x2f21</value>
         <object_component_ref idref="oc-86"/>
      </symbol>
      <symbol id="sm-9ed">
         <name>SEGGER_SYSVIEW_RecordU32</name>
         <value>0xe6b</value>
         <object_component_ref idref="oc-86"/>
      </symbol>
      <symbol id="sm-9ee">
         <name>SEGGER_SYSVIEW_WarnfHost</name>
         <value>0x2ed5</value>
         <object_component_ref idref="oc-86"/>
      </symbol>
      <symbol id="sm-9ef">
         <name>SEGGER_SYSVIEW_OnTaskStopReady</name>
         <value>0x2721</value>
         <object_component_ref idref="oc-86"/>
      </symbol>
      <symbol id="sm-9f0">
         <name>SEGGER_SYSVIEW_RegisterModule</name>
         <value>0x2b95</value>
         <object_component_ref idref="oc-86"/>
      </symbol>
      <symbol id="sm-9f1">
         <name>SEGGER_SYSVIEW_Init</name>
         <value>0xdcf</value>
         <object_component_ref idref="oc-86"/>
      </symbol>
      <symbol id="sm-9f2">
         <name>SEGGER_SYSVIEW_OnTaskStopExec</name>
         <value>0x2681</value>
         <object_component_ref idref="oc-86"/>
      </symbol>
      <symbol id="sm-9f3">
         <name>SEGGER_SYSVIEW_RecordExitISRToScheduler</name>
         <value>0x22ff</value>
         <object_component_ref idref="oc-86"/>
      </symbol>
      <symbol id="sm-9f4">
         <name>SEGGER_SYSVIEW_WarnfTarget</name>
         <value>0x2f71</value>
         <object_component_ref idref="oc-86"/>
      </symbol>
      <symbol id="sm-a03">
         <name>__aeabi_memset</name>
         <value>0x8349</value>
         <object_component_ref idref="oc-bc"/>
      </symbol>
      <symbol id="sm-a04">
         <name>memset</name>
         <value>0x834f</value>
         <object_component_ref idref="oc-bc"/>
      </symbol>
      <symbol id="sm-a05">
         <name>__aeabi_memset8</name>
         <value>0x8349</value>
         <object_component_ref idref="oc-bc"/>
      </symbol>
      <symbol id="sm-a06">
         <name>__aeabi_memset4</name>
         <value>0x8349</value>
         <object_component_ref idref="oc-bc"/>
      </symbol>
      <symbol id="sm-a07">
         <name>__aeabi_memclr8</name>
         <value>0x8347</value>
         <object_component_ref idref="oc-bc"/>
      </symbol>
      <symbol id="sm-a08">
         <name>__aeabi_memclr4</name>
         <value>0x8347</value>
         <object_component_ref idref="oc-bc"/>
      </symbol>
      <symbol id="sm-a09">
         <name>__aeabi_memclr</name>
         <value>0x8347</value>
         <object_component_ref idref="oc-bc"/>
      </symbol>
      <symbol id="sm-a12">
         <name>__aeabi_lmul</name>
         <value>0x852d</value>
         <object_component_ref idref="oc-1e1"/>
      </symbol>
      <symbol id="sm-a2d">
         <name>memcpy</name>
         <value>0x82ab</value>
         <object_component_ref idref="oc-46"/>
      </symbol>
      <symbol id="sm-a2e">
         <name>__aeabi_memcpy</name>
         <value>0x82ab</value>
         <object_component_ref idref="oc-46"/>
      </symbol>
      <symbol id="sm-a2f">
         <name>__aeabi_memcpy8</name>
         <value>0x82ab</value>
         <object_component_ref idref="oc-46"/>
      </symbol>
      <symbol id="sm-a30">
         <name>__aeabi_memcpy4</name>
         <value>0x82ab</value>
         <object_component_ref idref="oc-46"/>
      </symbol>
      <symbol id="sm-a42">
         <name>__TI_zero_init</name>
         <value>0x857b</value>
         <object_component_ref idref="oc-58"/>
      </symbol>
      <symbol id="sm-a59">
         <name>__TI_decompress_none</name>
         <value>0x856d</value>
         <object_component_ref idref="oc-1b"/>
      </symbol>
      <symbol id="sm-a7c">
         <name>__TI_decompress_lzss</name>
         <value>0x8429</value>
         <object_component_ref idref="oc-15"/>
      </symbol>
      <symbol id="sm-a8c">
         <name>memcmp</name>
         <value>0x8509</value>
         <object_component_ref idref="oc-1e6"/>
      </symbol>
      <symbol id="sm-a9a">
         <name>strcpy</name>
         <value>0x8545</value>
         <object_component_ref idref="oc-202"/>
      </symbol>
      <symbol id="sm-aa8">
         <name>strlen</name>
         <value>0x8559</value>
         <object_component_ref idref="oc-211"/>
      </symbol>
      <symbol id="sm-abb">
         <name>__stack</name>
         <value>0x200047a0</value>
         <object_component_ref idref="oc-24"/>
      </symbol>
      <symbol id="sm-abc">
         <name>_c_int00_noargs</name>
         <value>0x84d5</value>
         <object_component_ref idref="oc-64"/>
      </symbol>
      <symbol id="sm-ae4">
         <name>__TI_auto_init_nobinit_nopinit</name>
         <value>0x8491</value>
         <object_component_ref idref="oc-18c"/>
      </symbol>
      <symbol id="sm-aee">
         <name>_system_pre_init</name>
         <value>0x8593</value>
         <object_component_ref idref="oc-c2"/>
      </symbol>
      <symbol id="sm-afa">
         <name>C$$EXIT</name>
         <value>0x8597</value>
         <object_component_ref idref="oc-180"/>
      </symbol>
      <symbol id="sm-afb">
         <name>abort</name>
         <value>0x8597</value>
         <object_component_ref idref="oc-180"/>
      </symbol>
      <symbol id="sm-afe">
         <name>__TI_static_base__</name>
         <value>0x0</value>
      </symbol>
      <symbol id="sm-b01">
         <name>__mpu_init</name>
         <value>0x0</value>
      </symbol>
      <symbol id="sm-b02">
         <name>_system_post_cinit</name>
         <value>0x0</value>
      </symbol>
   </symbol_table>
   <title>Link successful</title>
</link_info>
